// Jest Snapshot v1, https://goo.gl/fbAQLP

exports[`<AnnotationSelection /> renders correctly 1`] = `
Array [
  <h4
    style={
      Object {
        "marginBottom": "15px",
      }
    }
  >
    Annotations: 
  </h4>,
  <div>
    <label
      className="ant-checkbox-wrapper"
    >
      <span
        className="ant-checkbox"
        style={Object {}}
      >
        <input
          checked={false}
          className="ant-checkbox-input"
          name="a"
          onBlur={[Function]}
          onChange={[Function]}
          onFocus={[Function]}
          type="checkbox"
        />
        <span
          className="ant-checkbox-inner"
        />
      </span>
      <span>
         
        a
         
      </span>
    </label>
  </div>,
  <div>
    <label
      className="ant-checkbox-wrapper"
    >
      <span
        className="ant-checkbox"
        style={Object {}}
      >
        <input
          checked={false}
          className="ant-checkbox-input"
          name="b"
          onBlur={[Function]}
          onChange={[Function]}
          onFocus={[Function]}
          type="checkbox"
        />
        <span
          className="ant-checkbox-inner"
        />
      </span>
      <span>
         
        b
         
      </span>
    </label>
  </div>,
]
`;
