// Jest Snapshot v1, https://goo.gl/fbAQLP

exports[`<GeneSelectionForm /> renders correctly 1`] = `
Array [
  <div
    className="MuiFormGroup-root-1"
    defaultValue="1"
    id="inputMethod"
    role="radiogroup"
    style={
      Object {
        "display": "flex",
        "flexDirection": "row",
      }
    }
  >
    <label
      className="MuiFormControlLabel-root-3"
    >
      <span
        className="MuiButtonBase-root-24 MuiIconButton-root-18 MuiPrivateSwitchBase-root-14 MuiRadio-root-9 MuiRadio-colorSecondary-13 MuiPrivateSwitchBase-checked-15 MuiRadio-checked-10"
        onBlur={[Function]}
        onContextMenu={[Function]}
        onFocus={[Function]}
        onKeyDown={[Function]}
        onKeyUp={[Function]}
        onMouseDown={[Function]}
        onMouseLeave={[Function]}
        onMouseUp={[Function]}
        onTouchEnd={[Function]}
        onTouchMove={[Function]}
        onTouchStart={[Function]}
        tabIndex={null}
      >
        <span
          className="MuiIconButton-label-23"
        >
          <svg
            aria-hidden="true"
            className="MuiSvgIcon-root-27"
            focusable="false"
            role="presentation"
            viewBox="0 0 24 24"
          >
            <path
              d="M12 7c-2.76 0-5 2.24-5 5s2.24 5 5 5 5-2.24 5-5-2.24-5-5-5zm0-5C6.48 2 2 6.48 2 12s4.48 10 10 10 10-4.48 10-10S17.52 2 12 2zm0 18c-4.42 0-8-3.58-8-8s3.58-8 8-8 8 3.58 8 8-3.58 8-8 8z"
            />
          </svg>
          <input
            checked={true}
            className="MuiPrivateSwitchBase-input-17"
            onChange={[Function]}
            type="radio"
            value="1"
          />
        </span>
        <span
          className="MuiTouchRipple-root-131"
        />
      </span>
      <span
        className="MuiTypography-root-36 MuiTypography-body1-45 MuiFormControlLabel-label-8"
      >
        Input directly
      </span>
    </label>
    <label
      className="MuiFormControlLabel-root-3"
    >
      <span
        className="MuiButtonBase-root-24 MuiIconButton-root-18 MuiPrivateSwitchBase-root-14 MuiRadio-root-9 MuiRadio-colorSecondary-13"
        onBlur={[Function]}
        onContextMenu={[Function]}
        onFocus={[Function]}
        onKeyDown={[Function]}
        onKeyUp={[Function]}
        onMouseDown={[Function]}
        onMouseLeave={[Function]}
        onMouseUp={[Function]}
        onTouchEnd={[Function]}
        onTouchMove={[Function]}
        onTouchStart={[Function]}
        tabIndex={null}
      >
        <span
          className="MuiIconButton-label-23"
        >
          <svg
            aria-hidden="true"
            className="MuiSvgIcon-root-27"
            focusable="false"
            role="presentation"
            viewBox="0 0 24 24"
          >
            <path
              d="M12 2C6.48 2 2 6.48 2 12s4.48 10 10 10 10-4.48 10-10S17.52 2 12 2zm0 18c-4.42 0-8-3.58-8-8s3.58-8 8-8 8 3.58 8 8-3.58 8-8 8z"
            />
          </svg>
          <input
            checked={false}
            className="MuiPrivateSwitchBase-input-17"
            onChange={[Function]}
            type="radio"
            value="2"
          />
        </span>
        <span
          className="MuiTouchRipple-root-131"
        />
      </span>
      <span
        className="MuiTypography-root-36 MuiTypography-body1-45 MuiFormControlLabel-label-8"
      >
        Import from file
      </span>
    </label>
  </div>,
  <div
    className="MuiFormControl-root-72 MuiFormControl-marginDense-74 MuiFormControl-fullWidth-75"
    onKeyDown={[Function]}
  >
    <label
      className="MuiFormLabel-root-87 MuiInputLabel-root-76 MuiInputLabel-formControl-81 MuiInputLabel-animated-84 MuiInputLabel-marginDense-82 MuiInputLabel-outlined-86"
      data-shrink={false}
      htmlFor="directInputForm"
    >
      Gene name
    </label>
    <div
      className="MuiInputBase-root-107 MuiOutlinedInput-root-94 MuiInputBase-fullWidth-116 MuiInputBase-formControl-108 MuiInputBase-marginDense-114 MuiInputBase-adornedEnd-112 MuiOutlinedInput-adornedEnd-98"
      onClick={[Function]}
    >
      <fieldset
        aria-hidden={true}
        className="MuiPrivateNotchedOutline-root-124 MuiOutlinedInput-notchedOutline-101"
        style={
          Object {
            "paddingLeft": 8,
          }
        }
      >
        <legend
          className="MuiPrivateNotchedOutline-legend-125"
          style={
            Object {
              "width": 0.01,
            }
          }
        >
          <span
            dangerouslySetInnerHTML={
              Object {
                "__html": "&#8203;",
              }
            }
          />
        </legend>
      </fieldset>
      <input
        aria-invalid={false}
        className="MuiInputBase-input-117 MuiOutlinedInput-input-102 MuiInputBase-inputMarginDense-118 MuiOutlinedInput-inputMarginDense-103 MuiInputBase-inputAdornedEnd-123 MuiOutlinedInput-inputAdornedEnd-106"
        disabled={false}
        id="directInputForm"
        name="gene"
        onBlur={[Function]}
        onChange={[Function]}
        onFocus={[Function]}
        placeholder="Input gene name and hit enter"
        required={false}
        type="text"
        value=""
      />
      <div
        className="MuiInputAdornment-root-126 MuiInputAdornment-positionStart-128"
      >
        <svg
          aria-hidden="true"
          className="MuiSvgIcon-root-27"
          focusable="false"
          role="presentation"
          viewBox="0 0 24 24"
        >
          <path
            d="M0 0h24v24H0z"
            fill="none"
          />
          <path
            d="M19 7v4H5.83l3.58-3.59L8 6l-6 6 6 6 1.41-1.41L5.83 13H21V7z"
          />
        </svg>
      </div>
    </div>
  </div>,
  <div
    style={
      Object {
        "marginTop": "10px",
      }
    }
  >
    <h4
      style={
        Object {
          "color": "#000",
          "marginBottom": "5px",
        }
      }
    >
      Selected genes:
    </h4>
    <div
      id="noGenesAlert"
      style={
        Object {
          "backgroundColor": "#FFFBE5",
          "border": "solid 1px #ffe7bc",
          "borderRadius": "3px",
          "padding": "15px",
        }
      }
    >
      The genes you input appear here. You may input gene names directly or import them from file.
    </div>
  </div>,
]
`;
